ok null
ok zero is kept
ok false is kept
ok empty string is kept
ok a value
ok undefined variable
ok undefined global
ok missing key
ok missing key of a missing key
ok missing index
ok string position out of range
ok chain
ok not evaluated when the left is set
ok evaluated when the left is null
ok so called once
ok || first
ok comparison first
ok assignment last
ok in interpolation
ok counting
ok indexing an int is still an error
ok a bad key type is still an error
